#-----------------------------------------------------------
# Vivado v2020.2 (64-bit)
# SW Build 3064766 on Wed Nov 18 09:12:45 MST 2020
# IP Build 3064653 on Wed Nov 18 14:17:31 MST 2020
# Start of session at: Mon Apr 13 03:50:34 2026
# Process ID: 14444
# Current directory: C:/Users/azati/OneDrive/Desktop/Parallel_IR_Transmitters-main/Parallel_IR_Transmitters-main/FPGA_Part/Own_IR_transmitter/Own_IR_transmitter.runs/design_1_IR_transmission_15_1_synth_1
# Command line: vivado.exe -log design_1_IR_transmission_15_1.vds -product Vivado -mode batch -messageDb vivado.pb -notrace -source design_1_IR_transmission_15_1.tcl
# Log file: C:/Users/azati/OneDrive/Desktop/Parallel_IR_Transmitters-main/Parallel_IR_Transmitters-main/FPGA_Part/Own_IR_transmitter/Own_IR_transmitter.runs/design_1_IR_transmission_15_1_synth_1/design_1_IR_transmission_15_1.vds
# Journal file: C:/Users/azati/OneDrive/Desktop/Parallel_IR_Transmitters-main/Parallel_IR_Transmitters-main/FPGA_Part/Own_IR_transmitter/Own_IR_transmitter.runs/design_1_IR_transmission_15_1_synth_1\vivado.jou
#-----------------------------------------------------------
source design_1_IR_transmission_15_1.tcl -notrace
