#-----------------------------------------------------------
# Vivado v2020.2 (64-bit)
# SW Build 3064766 on Wed Nov 18 09:12:45 MST 2020
# IP Build 3064653 on Wed Nov 18 14:17:31 MST 2020
# Start of session at: Wed Jun 10 15:44:43 2026
# Process ID: 5384
# Current directory: C:/Users/azati/OneDrive/Desktop/git/Parallel_IR_Transmitters/FPGA_Part/Own_IR_transmitter
# Command line: vivado.exe -gui_launcher_event rodinguilauncherevent36632 C:\Users\azati\OneDrive\Desktop\git\Parallel_IR_Transmitters\FPGA_Part\Own_IR_transmitter\Own_IR_transmitter.xpr
# Log file: C:/Users/azati/OneDrive/Desktop/git/Parallel_IR_Transmitters/FPGA_Part/Own_IR_transmitter/vivado.log
# Journal file: C:/Users/azati/OneDrive/Desktop/git/Parallel_IR_Transmitters/FPGA_Part/Own_IR_transmitter\vivado.jou
#-----------------------------------------------------------
start_gui
open_project C:/Users/azati/OneDrive/Desktop/git/Parallel_IR_Transmitters/FPGA_Part/Own_IR_transmitter/Own_IR_transmitter.xpr
INFO: [ProjectBase 1-489] The host OS only allows 260 characters in a normal path. The project is stored in a path with more than 80 characters. If you experience issues with IP, Block Designs, or files not being found, please consider moving the project to a location with a shorter path. Alternately consider using the OS subst command to map part of the path to a drive letter.
Current project path is 'C:/Users/azati/OneDrive/Desktop/git/Parallel_IR_Transmitters/FPGA_Part/Own_IR_transmitter'
INFO: [Project 1-313] Project file moved from 'C:/Users/azati/OneDrive/Desktop/Parallel_IR_Transmitters-main/Parallel_IR_Transmitters-main/FPGA_Part/Own_IR_transmitter' since last save.
Scanning sources...
Finished scanning sources
INFO: [IP_Flow 19-234] Refreshing IP repositories
INFO: [IP_Flow 19-1704] No user IP repositories specified
INFO: [IP_Flow 19-2313] Loaded Vivado IP repository 'C:/Xilinx/Vivado/2020.2/data/ip'.
open_project: Time (s): cpu = 00:00:21 ; elapsed = 00:00:29 . Memory (MB): peak = 1149.992 ; gain = 69.293
exit
INFO: [Common 17-206] Exiting Vivado at Wed Jun 10 15:46:36 2026...
